// Jest Snapshot v1, https://goo.gl/fbAQLP

exports[`App should match the snapshot with all data passed in 1`] = `
<div
  className="landing-background3"
>
  <LandingPage
    openHomePage={[Function]}
  />
</div>
`;
